Analyzing specialized_design_screen.dart...                     

  error - Missing concrete implementation of 'abstract class State<T extends StatefulWidget> with Diagnosticable.build' - lib\screens\specialized_design_screen.dart:21:7 - non_abstract_class_inherits_abstract_member
warning - The value of the local variable 'projectData' isn't used - lib\screens\specialized_design_screen.dart:82:15 - unused_local_variable
   info - Don't use 'BuildContext's across async gaps - lib\screens\specialized_design_screen.dart:82:55 - use_build_context_synchronously
warning - The value of the local variable 'doc' isn't used - lib\screens\specialized_design_screen.dart:98:15 - unused_local_variable
  error - The method 'getCollection' isn't defined for the type 'ProjectDataHelper' - lib\screens\specialized_design_screen.dart:98:45 - undefined_method
warning - The declaration '_normalizeStatus' isn't referenced - lib\screens\specialized_design_screen.dart:151:10 - unused_element
warning - The declaration '_ownerOptions' isn't referenced - lib\screens\specialized_design_screen.dart:159:16 - unused_element
  error - Expected a class member - lib\screens\specialized_design_screen.dart:172:5 - expected_class_member
   info - The variable name 'ResponsiveScaffold' isn't a lowerCamelCase identifier - lib\screens\specialized_design_screen.dart:172:12 - non_constant_identifier_names
  error - 'ResponsiveScaffold' must have a method body because '_SpecializedDesignScreenState' isn't abstract - lib\screens\specialized_design_screen.dart:172:12 - concrete_class_with_abstract_member
  error - Named parameters must be enclosed in curly braces ('{' and '}') - lib\screens\specialized_design_screen.dart:173:22 - named_parameter_outside_group
  error - Using a colon as the separator before a default value is no longer supported - lib\screens\specialized_design_screen.dart:173:22 - obsolete_colon_for_default_value
  error - Named parameters must be enclosed in curly braces ('{' and '}') - lib\screens\specialized_design_screen.dart:174:11 - named_parameter_outside_group
  error - Using a colon as the separator before a default value is no longer supported - lib\screens\specialized_design_screen.dart:174:11 - obsolete_colon_for_default_value
  error - The default value of an optional parameter must be constant - lib\screens\specialized_design_screen.dart:174:13 - non_constant_default_value
  error - Undefined name 'padding' - lib\screens\specialized_design_screen.dart:184:39 - undefined_identifier
  error - Undefined name 'isMobile' - lib\screens\specialized_design_screen.dart:192:33 - undefined_identifier
  error - Undefined name 'isMobile' - lib\screens\specialized_design_screen.dart:202:33 - undefined_identifier
  error - Undefined name 'ownerOptions' - lib\screens\specialized_design_screen.dart:279:50 - undefined_identifier
  error - Undefined name 'ownerOptions' - lib\screens\specialized_design_screen.dart:283:50 - undefined_identifier
  error - Undefined name 'isMobile' - lib\screens\specialized_design_screen.dart:289:42 - undefined_identifier
  error - The function 'setState' isn't defined - lib\screens\specialized_design_screen.dart:324:15 - undefined_function
  error - Undefined name '_securityRows' - lib\screens\specialized_design_screen.dart:325:17 - undefined_identifier
  error - The function '_scheduleSave' isn't defined - lib\screens\specialized_design_screen.dart:334:15 - undefined_function
  error - Undefined name '_securityRows' - lib\screens\specialized_design_screen.dart:348:15 - undefined_identifier
  error - The function 'setState' isn't defined - lib\screens\specialized_design_screen.dart:353:17 - undefined_function
  error - Undefined name '_securityRows' - lib\screens\specialized_design_screen.dart:354:19 - undefined_identifier
  error - The function '_scheduleSave' isn't defined - lib\screens\specialized_design_screen.dart:363:17 - undefined_function
  error - Undefined name '_securityRows' - lib\screens\specialized_design_screen.dart:367:33 - undefined_identifier
  error - Undefined name '_securityRows' - lib\screens\specialized_design_screen.dart:369:17 - undefined_identifier
  error - Undefined name '_securityRows' - lib\screens\specialized_design_screen.dart:374:24 - undefined_identifier
  error - The function 'setState' isn't defined - lib\screens\specialized_design_screen.dart:406:15 - undefined_function
  error - Undefined name '_performanceRows' - lib\screens\specialized_design_screen.dart:407:17 - undefined_identifier
  error - The function '_scheduleSave' isn't defined - lib\screens\specialized_design_screen.dart:416:15 - undefined_function
  error - Undefined name '_performanceRows' - lib\screens\specialized_design_screen.dart:430:15 - undefined_identifier
  error - The function 'setState' isn't defined - lib\screens\specialized_design_screen.dart:435:17 - undefined_function
  error - Undefined name '_performanceRows' - lib\screens\specialized_design_screen.dart:436:19 - undefined_identifier
  error - The function '_scheduleSave' isn't defined - lib\screens\specialized_design_screen.dart:445:17 - undefined_function
  error - Undefined name '_performanceRows' - lib\screens\specialized_design_screen.dart:449:33 - undefined_identifier
  error - Undefined name '_performanceRows' - lib\screens\specialized_design_screen.dart:450:36 - undefined_identifier
  error - Undefined name '_performanceRows' - lib\screens\specialized_design_screen.dart:451:24 - undefined_identifier
  error - The function 'setState' isn't defined - lib\screens\specialized_design_screen.dart:483:15 - undefined_function
  error - Undefined name '_integrationRows' - lib\screens\specialized_design_screen.dart:484:17 - undefined_identifier
  error - The function '_scheduleSave' isn't defined - lib\screens\specialized_design_screen.dart:493:15 - undefined_function
  error - Undefined name '_integrationRows' - lib\screens\specialized_design_screen.dart:507:15 - undefined_identifier
  error - The function 'setState' isn't defined - lib\screens\specialized_design_screen.dart:512:17 - undefined_function
  error - Undefined name '_integrationRows' - lib\screens\specialized_design_screen.dart:513:19 - undefined_identifier
  error - The function '_scheduleSave' isn't defined - lib\screens\specialized_design_screen.dart:522:17 - undefined_function
  error - Undefined name '_integrationRows' - lib\screens\specialized_design_screen.dart:526:33 - undefined_identifier
  error - Undefined name '_integrationRows' - lib\screens\specialized_design_screen.dart:528:17 - undefined_identifier
  error - Undefined name '_integrationRows' - lib\screens\specialized_design_screen.dart:533:24 - undefined_identifier
  error - The function '_scheduleSave' isn't defined - lib\screens\specialized_design_screen.dart:656:17 - undefined_function
  error - The function '_scheduleSave' isn't defined - lib\screens\specialized_design_screen.dart:669:17 - undefined_function
  error - The function '_scheduleSave' isn't defined - lib\screens\specialized_design_screen.dart:681:17 - undefined_function
  error - The function 'setState' isn't defined - lib\screens\specialized_design_screen.dart:691:17 - undefined_function
  error - Undefined name '_securityRows' - lib\screens\specialized_design_screen.dart:691:32 - undefined_identifier
  error - The function '_scheduleSave' isn't defined - lib\screens\specialized_design_screen.dart:692:17 - undefined_function
  error - The function 'setState' isn't defined - lib\screens\specialized_design_screen.dart:705:17 - undefined_function
  error - Undefined name '_securityRows' - lib\screens\specialized_design_screen.dart:705:32 - undefined_identifier
  error - The function '_scheduleSave' isn't defined - lib\screens\specialized_design_screen.dart:706:17 - undefined_function
  error - The function '_scheduleSave' isn't defined - lib\screens\specialized_design_screen.dart:732:17 - undefined_function
  error - The function '_scheduleSave' isn't defined - lib\screens\specialized_design_screen.dart:745:17 - undefined_function
  error - The function '_scheduleSave' isn't defined - lib\screens\specialized_design_screen.dart:757:17 - undefined_function
  error - The function 'setState' isn't defined - lib\screens\specialized_design_screen.dart:767:17 - undefined_function
  error - Undefined name '_performanceRows' - lib\screens\specialized_design_screen.dart:767:32 - undefined_identifier
  error - The function '_scheduleSave' isn't defined - lib\screens\specialized_design_screen.dart:768:17 - undefined_function
  error - The function 'setState' isn't defined - lib\screens\specialized_design_screen.dart:781:17 - undefined_function
  error - Undefined name '_performanceRows' - lib\screens\specialized_design_screen.dart:781:32 - undefined_identifier
  error - The function '_scheduleSave' isn't defined - lib\screens\specialized_design_screen.dart:782:17 - undefined_function
  error - The function '_scheduleSave' isn't defined - lib\screens\specialized_design_screen.dart:814:17 - undefined_function
  error - The function '_scheduleSave' isn't defined - lib\screens\specialized_design_screen.dart:826:17 - undefined_function
  error - The function '_scheduleSave' isn't defined - lib\screens\specialized_design_screen.dart:838:17 - undefined_function
  error - The function 'setState' isn't defined - lib\screens\specialized_design_screen.dart:848:17 - undefined_function
  error - Undefined name '_integrationRows' - lib\screens\specialized_design_screen.dart:848:32 - undefined_identifier
  error - The function '_scheduleSave' isn't defined - lib\screens\specialized_design_screen.dart:849:17 - undefined_function
  error - The function 'setState' isn't defined - lib\screens\specialized_design_screen.dart:862:17 - undefined_function
  error - Undefined name '_integrationRows' - lib\screens\specialized_design_screen.dart:862:32 - undefined_identifier
  error - The function '_scheduleSave' isn't defined - lib\screens\specialized_design_screen.dart:863:17 - undefined_function
warning - The declaration '_ownerOptions' isn't referenced - lib\screens\specialized_design_screen.dart:909:16 - unused_element
  error - Undefined name 'context' - lib\screens\specialized_design_screen.dart:910:51 - undefined_identifier
  error - Undefined name '_statusOptions' - lib\screens\specialized_design_screen.dart:1023:41 - undefined_identifier
  error - Undefined name '_statusOptions' - lib\screens\specialized_design_screen.dart:1029:14 - undefined_identifier
  error - Undefined name 'context' - lib\screens\specialized_design_screen.dart:1076:16 - undefined_identifier
  error - Undefined name 'context' - lib\screens\specialized_design_screen.dart:1110:48 - undefined_identifier
  error - Undefined name 'context' - lib\screens\specialized_design_screen.dart:1140:48 - undefined_identifier
  error - Expected a method, getter, setter or operator declaration - lib\screens\specialized_design_screen.dart:1186:1 - expected_executable

